                 U nn::ro::detail::g_pAutoLoadList
                 U nn::ro::detail::g_LookupGlobalManualFunctionPointer
                 U exl_exception_entry
0000000000000000 T __code_start__
0000000000000000 T __module_start
0000000000000000 a __start__
0000000000000000 t __text_start__
0000000000000020 t entrypoint
0000000000000030 t get_module_info
0000000000000038 t __get_module_start_shim
0000000000000068 t bssclr_start
0000000000000074 t bss_loop
00000000000000b0 00000000000000c0 t rtld::ModuleObject::GetSymbolByName(char const*)
0000000000000100 a CTX_STACK_BASE_SIZE
0000000000000170 0000000000000148 t rtld::ModuleObject::TryResolveSymbol(unsigned long*, Elf64_Sym*)
0000000000000200 a CTX_STACK_FLOAT_SIZE
00000000000002c0 0000000000000080 t rtld::lookup_global_auto(char const*)
0000000000000340 000000000000008c t __rtld_lazy_bind_symbol
00000000000003d0 0000000000000168 t exl_relocate_self
0000000000000540 000000000000003c t __rtld_elf_hash
0000000000000580 00000000000000a0 t exl_init
0000000000000620 00000000000000c4 t exl_module_init
00000000000006f0 00000000000000d8 t exl_entrypoint_init
00000000000007d0 00000000000000dc t exl::util::GetRandomU64()
00000000000008b0 0000000000000004 t exl_random
00000000000008c0 000000000000006c t exl::util::impl::InitVersion()
0000000000000930 0000000000000080 t exl::util::proc_handle::(anonymous namespace)::ReceiveProcessHandleThreadMain(void*)
00000000000009b0 0000000000000188 t exl::util::proc_handle::(anonymous namespace)::GetViaIpcTrick()
0000000000000b40 000000000000005c t exl::util::proc_handle::Get()
0000000000000ba0 0000000000000038 t exl::util::GetAddressFromInfo(InfoType) [clone .part.0]
0000000000000be0 0000000000000310 t exl::util::LogLayout()
0000000000000ef0 0000000000000794 t exl::util::impl::InitMemLayout()
0000000000001690 0000000000000210 t exl::util::RwPages::RwPages(unsigned long, unsigned long)
0000000000001690 0000000000000210 t exl::util::RwPages::RwPages(unsigned long, unsigned long)
00000000000018a0 0000000000000040 t exl::util::RwPages::Flush() const
00000000000018e0 0000000000000134 t exl::util::RwPages::~RwPages()
00000000000018e0 0000000000000134 t exl::util::RwPages::~RwPages()
0000000000001a20 0000000000000114 t exl::diag::AbortImpl(char const*, char const*, char const*, int)
0000000000001b40 00000000000001dc t exl::diag::AbortImpl(char const*, char const*, char const*, int, char const*, ...)
0000000000001d20 00000000000001dc t exl::diag::OnAssertionFailure(exl::diag::AssertionType, char const*, char const*, char const*, int, char const*, ...)
0000000000001f00 0000000000000014 t exl::diag::OnAssertionFailure(exl::diag::AssertionType, char const*, char const*, char const*, int)
0000000000001f20 0000000000000040 t exl_abort
0000000000001f60 0000000000000478 t exl::hook::nx64::(anonymous namespace)::__fix_cond_comp_test_branch(unsigned int* restrict*, unsigned int* restrict*, unsigned int* restrict*, unsigned int* restrict*, exl::hook::nx64::(anonymous namespace)::context*)
00000000000023e0 000000000000075c t exl::hook::nx64::(anonymous namespace)::__fix_loadlit(unsigned int* restrict*, unsigned int* restrict*, unsigned int* restrict*, unsigned int* restrict*, exl::hook::nx64::(anonymous namespace)::context*)
0000000000002b40 0000000000000578 t exl::hook::nx64::(anonymous namespace)::__fix_pcreladdr(unsigned int* restrict*, unsigned int* restrict*, unsigned int* restrict*, unsigned int* restrict*, exl::hook::nx64::(anonymous namespace)::context*)
00000000000030c0 0000000000000690 t exl::hook::nx64::(anonymous namespace)::__fix_instructions(unsigned int*, unsigned int*, int, unsigned int*, unsigned int*) [clone .constprop.0]
0000000000003750 00000000000007a8 t exl::hook::nx64::(anonymous namespace)::__fix_instructions(unsigned int*, unsigned int*, int, unsigned int*, unsigned int*)
0000000000003f00 0000000000000028 t exl::hook::nx64::Initialize()
0000000000003f30 0000000000000260 t exl::hook::nx64::Hook(unsigned long, unsigned long, bool)
0000000000004190 0000000000000014 t _GLOBAL__sub_I_hook_impl.cpp
0000000000005000 0000000000001000 t exl::hook::nx64::impl::s_HookJit::s_Area
0000000000006000 0000000000000018 t exl::hook::nx64::InitializeInline()
0000000000006020 0000000000000014 t _GLOBAL__sub_I_inline_impl.cpp
0000000000007000 0000000000001000 t exl::hook::nx64::impl::s_InlineHookJit::s_Area
0000000000008000 0000000000000004 t exl::reloc::impl::Initialize()
0000000000008010 0000000000000008 t exl::log::SvcLogger::LogRaw(std::basic_string_view<char, std::char_traits<char> >)
0000000000008020 0000000000000008 t getCookEffectIdHook::Callback(void*, void*)
0000000000008030 000000000000006c t exl_main
00000000000080a0 000000000000015c t _memregionFindRandom
0000000000008200 00000000000001dc t virtmemSetup
00000000000083e0 0000000000000018 t virtmemFindAslr
0000000000008400 000000000000004c t virtmemAddReservation
0000000000008450 000000000000002c t virtmemRemoveReservation
000000000000847c T __rtld_runtime_resolve
00000000000084f8 T exl_inline_hook_impl
0000000000008590 T exl_inline_float_hook_impl
00000000000086b0 t svcUnmapMemory
00000000000086b8 t svcQueryMemory
00000000000086cc t svcCreateThread
00000000000086e0 t svcStartThread
00000000000086e8 t svcExitThread
00000000000086f0 t svcCloseHandle
00000000000086f8 t svcWaitSynchronization
000000000000870c t svcGetSystemTick
0000000000008714 t svcSendSyncRequest
000000000000871c t svcOutputDebugString
0000000000008724 t svcGetInfo
0000000000008738 t svcCreateSession
0000000000008750 t svcReplyAndReceive
0000000000008764 t svcMapProcessMemory
000000000000876c t svcUnmapProcessMemory
0000000000008774 t armDCacheFlush
0000000000008798 t armDCacheFlush_L0
00000000000087b0 t armICacheInvalidate
00000000000087d0 t armICacheInvalidate_L0
0000000000008800 0000000000000004 t __clear_cache
0000000000008820 000000000000009c t __aarch64_sync_cache_range
00000000000088c0 000000000000022c t memcpy
00000000000088c0 t memmove
0000000000008b00 0000000000000104 t memset
0000000000008c20 00000000000000f8 t snprintf
0000000000008d40 0000000000000130 t strlen
0000000000008e80 00000000000000a4 t _vsnprintf_r
0000000000008f40 0000000000000048 t vsnprintf
0000000000008fc0 00000000000001c8 t memcmp
00000000000091a0 0000000000000038 t malloc
00000000000091e0 000000000000001c t free
00000000000091fc 0000000000000790 t get_arg
000000000000998c 0000000000003a84 t _svfprintf_r
000000000000d440 0000000000000134 t strcmp
000000000000d580 00000000000000dc t memchr
000000000000d660 000000000000007c t frexp
000000000000d6e0 00000000000000d0 t _wcrtomb_r
000000000000d7c0 00000000000000c8 t __ssprint_r
000000000000d8a0 000000000000018c t _memalign_r
000000000000da40 000000000000002c t __locale_mb_cur_max
000000000000da80 0000000000000840 t _malloc_r
000000000000e2c0 00000000000001a4 t quorem
000000000000e480 00000000000012f0 t _dtoa_r
000000000000f780 000000000000011c t _malloc_trim_r
000000000000f8a0 00000000000002d8 t _free_r
000000000000fb80 00000000000000ac t strncpy
000000000000fc40 0000000000000010 t _wcsrtombs_r
000000000000fc60 0000000000000008 t __localeconv_l
000000000000fc80 0000000000000028 t _localeconv_r
000000000000fcc0 000000000000000c t __malloc_lock
000000000000fce0 000000000000000c t __malloc_unlock
000000000000fd00 0000000000000188 t __ssputs_r
000000000000fea0 00000000000000e0 t __utf8_wctomb
000000000000ff80 0000000000000188 t _wcsnrtombs_l
0000000000010120 0000000000000054 t _wcsnrtombs_r
0000000000010180 0000000000000064 t __assert_func
0000000000010200 00000000000000a4 t _Balloc
00000000000102c0 0000000000000020 t _Bfree
00000000000102e0 0000000000000118 t __multadd
0000000000010400 0000000000000094 t __hi0bits
00000000000104a0 0000000000000100 t __lo0bits
00000000000105a0 000000000000004c t __i2b
0000000000010600 0000000000000210 t __multiply
0000000000010820 0000000000000104 t __pow5mult
0000000000010940 0000000000000174 t __lshift
0000000000010ac0 0000000000000050 t __mcmp
0000000000010b20 00000000000001c4 t __mdiff
0000000000010d00 000000000000014c t __d2b
0000000000010e60 00000000000002dc t __utf8_mbtowc
0000000000011140 0000000000000080 t fiprintf
00000000000111c0 0000000000000014 t __errno
00000000000111e0 0000000000000018 t abort
0000000000011200 00000000000000bc t _calloc_r
00000000000112c0 0000000000000568 t _realloc_r
0000000000011828 0000000000000790 t get_arg
0000000000011fb8 0000000000002964 t _vfiprintf_r
000000000001491c 00000000000000cc t __sbprintf
0000000000014a00 000000000000009c t _raise_r
0000000000014aa0 000000000000001c t raise
0000000000014ac0 00000000000001ec t __sflush_r
0000000000014cc0 00000000000000bc t _fflush_r
0000000000014d80 0000000000000038 t __sprint_r
0000000000014dc0 000000000000001c t stdio_exit_handler
0000000000014de0 000000000000006c t cleanup_stdio
0000000000014e60 0000000000000128 t global_stdio_init.part.0
0000000000014fa0 000000000000000c t __sfp_lock_acquire
0000000000014fc0 000000000000000c t __sfp_lock_release
0000000000014fe0 0000000000000054 t __sinit
0000000000015040 000000000000012c t __swsetup_r
0000000000015180 000000000000004c t __sread
00000000000151e0 0000000000000070 t __swrite
0000000000015260 0000000000000050 t __sseek
00000000000152c0 0000000000000008 t __sclose
00000000000152e0 0000000000000130 t _fclose_r
0000000000015420 0000000000000098 t _fwalk_sglue
00000000000154c0 00000000000004a4 t __sfvwrite_r
0000000000015980 00000000000000b0 t __swhatbuf_r
0000000000015a40 00000000000000e8 t __smakebuf_r
0000000000015b40 0000000000000020 t _exit
0000000000015b60 000000000000009c t _fstat_r
0000000000015c00 0000000000000010 t _getpid_r
0000000000015c20 0000000000000020 t __getreent
0000000000015c40 0000000000000060 t __get_handle
0000000000015ca0 00000000000000f4 t _close_r
0000000000015da0 0000000000000008 t null_write
0000000000015dc0 0000000000000008 t _isatty_r
0000000000015de0 0000000000000010 t _kill_r
0000000000015e00 00000000000000a0 t _lseek_r
0000000000015ea0 00000000000000b0 t _read_r
0000000000015f60 0000000000000078 t _sbrk_r
0000000000015fe0 0000000000000014 t __libc_lock_acquire
0000000000016000 0000000000000014 t __libc_lock_release
0000000000016020 0000000000000014 t __libc_lock_acquire_recursive
0000000000016040 0000000000000014 t __libc_lock_release_recursive
0000000000016060 00000000000000b0 t _write_r
0000000000016120 0000000000000394 t __trunctfdf2
00000000000164c0 0000000000000070 t __sfp_handle_exceptions
0000000000016530 t __text_end__
0000000000016560 T __code_end__
0000000000017f50 r __nx_mod0
00000000000180a0 0000000000000010 r zeroes.0
00000000000180b0 0000000000000010 r blanks.1
00000000000180c0 000000000000006c r __action_table
0000000000018130 000000000000006c r __state_table
00000000000181a0 0000000000000100 r __chclass
00000000000182b8 0000000000000101 r _ctype_
00000000000183c0 000000000000000c r p05.0
00000000000183d0 0000000000000028 r __mprec_bigtens
00000000000183f8 00000000000000c8 r __mprec_tens
00000000000185c0 0000000000000010 r zeroes.0
00000000000185d0 0000000000000010 r blanks.1
0000000000018b48 R __rel_dyn_end__
0000000000018b48 R __rel_dyn_start__
0000000000018b48 R __rela_dyn_start__
000000000001a978 R __rel_plt_end__
000000000001a978 R __rel_plt_start__
000000000001a978 R __rela_dyn_end__
000000000001a978 R __rela_plt_start__
000000000001a990 r __eh_frame_hdr_end__
000000000001a990 r __eh_frame_hdr_start__
000000000001a990 R __rela_plt_end__
000000000001c000 0000000000000008 d Logging
000000000001c008 0000000000000004 d exl::util::mem_layout::s_SelfModuleIdx
000000000001c00c 0000000000000004 d exl::hook::nx64::AllocForTrampoline(unsigned int**, unsigned int**)::index
000000000001c010 0000000000000018 d vtable for exl::log::SvcLogger
000000000001c028 0000000000000290 d __global_locale
000000000001c2b8 0000000000000008 d __malloc_sbrk_base
000000000001c2c0 0000000000000008 d __malloc_trim_threshold
000000000001c2c8 0000000000000810 d __malloc_av_
000000000001cad8 0000000000000018 d __sglue
000000000001caf0 0000000000000008 d _impure_ptr
000000000001caf8 0000000000000240 d _impure_data
000000000001cd40 0000000000002000 d handles
000000000001ed40 0000000000000010 d __stderr_handle
000000000001ed50 0000000000000010 d __stdout_handle
000000000001ed60 0000000000000010 d __stdin_handle
000000000001ed70 0000000000000118 d devoptab_list
000000000001ee88 0000000000000100 d dotab_stdnull
000000000001ef88 D __got_start__
000000000001efa8 a _GLOBAL_OFFSET_TABLE_
000000000001f100 a _DYNAMIC
000000000001f100 d __dynamic_start__
000000000001f100 D __got_end__
000000000001f250 d __init_array_start
000000000001f250 d __preinit_array_end
000000000001f250 d __preinit_array_start
000000000001f260 d __init_array_end
000000000001f260 A __tbss_align_abs__
000000000001f260 D __tbss_end__
000000000001f260 D __tbss_start__
000000000001f260 A __tdata_align_abs__
000000000001f260 D __tdata_end__
000000000001f260 D __tdata_start__
0000000000020000 b __bss_start__
0000000000020000 00000000000000d0 b exl_nx_module_runtime
00000000000200d0 0000000000000028 b exl::patch::impl::s_Storage
0000000000020100 0000000000005000 b __fake_heap
0000000000025100 0000000000000004 b exl::util::impl::s_UserVersion
0000000000025104 0000000000000004 b exl::util::proc_handle::(anonymous namespace)::s_Handle
0000000000025108 0000000000000008 b exl::util::impl::mem_layout::s_ModuleBitset
0000000000025110 00000000000003a8 b exl::util::impl::mem_layout::s_ModuleInfos
00000000000254b8 0000000000000010 b exl::util::mem_layout::s_Stack
00000000000254c8 0000000000000010 b exl::util::mem_layout::s_Aslr
00000000000254d8 0000000000000010 b exl::util::mem_layout::s_Heap
00000000000254e8 0000000000000010 b exl::util::mem_layout::s_Alias
00000000000254f8 0000000000000030 b exl::hook::nx64::s_HookJit
0000000000025528 0000000000000030 b exl::hook::nx64::s_InlineHookJit
0000000000025558 0000000000000001 b g_IsLegacyKernel
0000000000025560 0000000000000008 b g_Reservations
0000000000025570 0000000000000010 b g_StackRegion
0000000000025580 0000000000000010 b g_AslrRegion
0000000000025590 0000000000000010 b g_HeapRegion
00000000000255a0 0000000000000010 b g_AliasRegion
00000000000255b0 0000000000000004 b cache_info.0
00000000000255b8 0000000000000050 b __malloc_current_mallinfo
0000000000025608 0000000000000008 b __malloc_max_total_mem
0000000000025610 0000000000000008 b __malloc_max_sbrked_mem
0000000000025618 0000000000000008 b __malloc_top_pad
0000000000025620 0000000000000008 b __malloc_recursive_mutex
0000000000025628 0000000000000008 b __sfp_recursive_mutex
0000000000025630 0000000000000228 b __sf
0000000000025858 0000000000000008 b __stdio_exit_handler
0000000000025860 0000000000000004 b __hndl_lock
0000000000025868 0000000000000008 b fake_heap_start
0000000000025870 0000000000000008 b fake_heap_end
0000000000025878 0000000000000008 b heap_start.0
0000000000025880 b __bss_end__
0000000000026000 b __argdata__
0000000000026000 A __end__
